// Jest Snapshot v1, https://goo.gl/fbAQLP

exports[`Pruebas en <FirstApp /> with screen should make to match to the snapshot 1`] = `
<div>
  <h1
    data-testid="test-title"
  >
    Hola, soy Goku
  </h1>
  <h2>
    Hola, Soy el subtitulo
  </h2>
  <h2>
    Hola, Soy el subtitulo
  </h2>
  <p>
    Number: 
    2
  </p>
  <p>
    No hay nombre
  </p>
</div>
`;
